Archive member included to satisfy reference by file (symbol)

c:/program files (x86)/microchip/xc8/v2.10/avr/bin/../lib/gcc/avr/5.4.0/avr5/memx-const\libgcc.a(_exit.o)
                              C:/Program Files (x86)/Microchip/MPLABX/v5.30/packs/Microchip/ATmega_DFP/2.0.12/gcc/dev/atmega32a/avr5/memx-const/crtatmega32a.o (exit)
c:/program files (x86)/microchip/xc8/v2.10/avr/bin/../lib/gcc/avr/5.4.0/avr5/memx-const\libgcc.a(_copy_data.o)
                              build/default/production/MAINN.o (__do_copy_data)

Discarded input sections

 .data          0x00000000        0x0 C:/Program Files (x86)/Microchip/MPLABX/v5.30/packs/Microchip/ATmega_DFP/2.0.12/gcc/dev/atmega32a/avr5/memx-const/crtatmega32a.o
 .bss           0x00000000        0x0 C:/Program Files (x86)/Microchip/MPLABX/v5.30/packs/Microchip/ATmega_DFP/2.0.12/gcc/dev/atmega32a/avr5/memx-const/crtatmega32a.o
 .text          0x00000000        0x0 build/default/production/DIO.o
 .data          0x00000000        0x0 build/default/production/DIO.o
 .bss           0x00000000        0x0 build/default/production/DIO.o
 .text._setPIN  0x00000000       0x16 build/default/production/DIO.o
 .text._resetPIN
                0x00000000       0x18 build/default/production/DIO.o
 .text.PORTAas  0x00000000       0x12 build/default/production/DIO.o
 .text.PORTBas  0x00000000       0x12 build/default/production/DIO.o
 .text.PORTCas  0x00000000       0x12 build/default/production/DIO.o
 .text.PORTDas  0x00000000       0x12 build/default/production/DIO.o
 .text.PINDas   0x00000000       0x42 build/default/production/DIO.o
 .text.setPORTA
                0x00000000        0x4 build/default/production/DIO.o
 .text.setPORTB
                0x00000000        0x4 build/default/production/DIO.o
 .text.setPORTC
                0x00000000        0x4 build/default/production/DIO.o
 .text.setPORTD
                0x00000000        0x4 build/default/production/DIO.o
 .text.isPressedA
                0x00000000       0x18 build/default/production/DIO.o
 .text.isPressedC
                0x00000000       0x18 build/default/production/DIO.o
 .text.isPressedD
                0x00000000       0x18 build/default/production/DIO.o
 .text.setPIN   0x00000000       0x7e build/default/production/DIO.o
 .text.resetPIN
                0x00000000       0x86 build/default/production/DIO.o
 .text.setPINA  0x00000000       0x16 build/default/production/DIO.o
 .text.setPINB  0x00000000       0x16 build/default/production/DIO.o
 .text.setPINC  0x00000000       0x16 build/default/production/DIO.o
 .text.setPIND  0x00000000       0x16 build/default/production/DIO.o
 .text.togglePIND
                0x00000000       0x16 build/default/production/DIO.o
 .text          0x00000000        0x0 build/default/production/MAINN.o
 .data          0x00000000        0x0 build/default/production/MAINN.o
 .bss           0x00000000        0x0 build/default/production/MAINN.o
 .bss.flag      0x00000000        0x1 build/default/production/MAINN.o
 .data.y        0x00000000        0x5 build/default/production/MAINN.o
 .data.x        0x00000000        0x4 build/default/production/MAINN.o
 .bss.i         0x00000000        0x2 build/default/production/MAINN.o
 .text          0x00000000        0x0 c:/program files (x86)/microchip/xc8/v2.10/avr/bin/../lib/gcc/avr/5.4.0/avr5/memx-const\libgcc.a(_exit.o)
 .data          0x00000000        0x0 c:/program files (x86)/microchip/xc8/v2.10/avr/bin/../lib/gcc/avr/5.4.0/avr5/memx-const\libgcc.a(_exit.o)
 .bss           0x00000000        0x0 c:/program files (x86)/microchip/xc8/v2.10/avr/bin/../lib/gcc/avr/5.4.0/avr5/memx-const\libgcc.a(_exit.o)
 .text.libgcc.mul
                0x00000000        0x0 c:/program files (x86)/microchip/xc8/v2.10/avr/bin/../lib/gcc/avr/5.4.0/avr5/memx-const\libgcc.a(_exit.o)
 .text.libgcc.div
                0x00000000        0x0 c:/program files (x86)/microchip/xc8/v2.10/avr/bin/../lib/gcc/avr/5.4.0/avr5/memx-const\libgcc.a(_exit.o)
 .text.libgcc   0x00000000        0x0 c:/program files (x86)/microchip/xc8/v2.10/avr/bin/../lib/gcc/avr/5.4.0/avr5/memx-const\libgcc.a(_exit.o)
 .text.libgcc.prologue
                0x00000000        0x0 c:/program files (x86)/microchip/xc8/v2.10/avr/bin/../lib/gcc/avr/5.4.0/avr5/memx-const\libgcc.a(_exit.o)
 .text.libgcc.builtins
                0x00000000        0x0 c:/program files (x86)/microchip/xc8/v2.10/avr/bin/../lib/gcc/avr/5.4.0/avr5/memx-const\libgcc.a(_exit.o)
 .text.libgcc.fmul
                0x00000000        0x0 c:/program files (x86)/microchip/xc8/v2.10/avr/bin/../lib/gcc/avr/5.4.0/avr5/memx-const\libgcc.a(_exit.o)
 .text.libgcc.fixed
                0x00000000        0x0 c:/program files (x86)/microchip/xc8/v2.10/avr/bin/../lib/gcc/avr/5.4.0/avr5/memx-const\libgcc.a(_exit.o)
 .text          0x00000000        0x0 c:/program files (x86)/microchip/xc8/v2.10/avr/bin/../lib/gcc/avr/5.4.0/avr5/memx-const\libgcc.a(_copy_data.o)
 .data          0x00000000        0x0 c:/program files (x86)/microchip/xc8/v2.10/avr/bin/../lib/gcc/avr/5.4.0/avr5/memx-const\libgcc.a(_copy_data.o)
 .bss           0x00000000        0x0 c:/program files (x86)/microchip/xc8/v2.10/avr/bin/../lib/gcc/avr/5.4.0/avr5/memx-const\libgcc.a(_copy_data.o)
 .text.libgcc.mul
                0x00000000        0x0 c:/program files (x86)/microchip/xc8/v2.10/avr/bin/../lib/gcc/avr/5.4.0/avr5/memx-const\libgcc.a(_copy_data.o)
 .text.libgcc.div
                0x00000000        0x0 c:/program files (x86)/microchip/xc8/v2.10/avr/bin/../lib/gcc/avr/5.4.0/avr5/memx-const\libgcc.a(_copy_data.o)
 .text.libgcc   0x00000000        0x0 c:/program files (x86)/microchip/xc8/v2.10/avr/bin/../lib/gcc/avr/5.4.0/avr5/memx-const\libgcc.a(_copy_data.o)
 .text.libgcc.prologue
                0x00000000        0x0 c:/program files (x86)/microchip/xc8/v2.10/avr/bin/../lib/gcc/avr/5.4.0/avr5/memx-const\libgcc.a(_copy_data.o)
 .text.libgcc.builtins
                0x00000000        0x0 c:/program files (x86)/microchip/xc8/v2.10/avr/bin/../lib/gcc/avr/5.4.0/avr5/memx-const\libgcc.a(_copy_data.o)
 .text.libgcc.fmul
                0x00000000        0x0 c:/program files (x86)/microchip/xc8/v2.10/avr/bin/../lib/gcc/avr/5.4.0/avr5/memx-const\libgcc.a(_copy_data.o)
 .text.libgcc.fixed
                0x00000000        0x0 c:/program files (x86)/microchip/xc8/v2.10/avr/bin/../lib/gcc/avr/5.4.0/avr5/memx-const\libgcc.a(_copy_data.o)

Memory Configuration

Name             Origin             Length             Attributes
text             0x00000000         0x00008000         xr
data             0x00800060         0x00000800         rw !x
eeprom           0x00810000         0x00000400         rw !x
fuse             0x00820000         0x00000002         rw !x
lock             0x00830000         0x00000400         rw !x
signature        0x00840000         0x00000400         rw !x
user_signatures  0x00850000         0x00000400         rw !x
*default*        0x00000000         0xffffffff

Linker script and memory map

LOAD C:/Program Files (x86)/Microchip/MPLABX/v5.30/packs/Microchip/ATmega_DFP/2.0.12/gcc/dev/atmega32a/avr5/memx-const/crtatmega32a.o
                0x00000001                __MPLAB_BUILD = 0x1
LOAD build/default/production/DIO.o
LOAD build/default/production/MAINN.o
START GROUP
LOAD c:/program files (x86)/microchip/xc8/v2.10/avr/bin/../lib/gcc/avr/5.4.0/../../../../avr/lib/avr5/memx-const\libm.a
END GROUP
START GROUP
LOAD c:/program files (x86)/microchip/xc8/v2.10/avr/bin/../lib/gcc/avr/5.4.0/avr5/memx-const\libgcc.a
LOAD c:/program files (x86)/microchip/xc8/v2.10/avr/bin/../lib/gcc/avr/5.4.0/../../../../avr/lib/avr5/memx-const\libm.a
LOAD c:/program files (x86)/microchip/xc8/v2.10/avr/bin/../lib/gcc/avr/5.4.0/../../../../avr/lib/avr5/memx-const\libc.a
LOAD C:/Program Files (x86)/Microchip/MPLABX/v5.30/packs/Microchip/ATmega_DFP/2.0.12/gcc/dev/atmega32a/avr5/memx-const\libatmega32a.a
END GROUP
                [0x00000000]                __TEXT_REGION_ORIGIN__ = DEFINED (__TEXT_REGION_ORIGIN__)?__TEXT_REGION_ORIGIN__:0x0
                [0x00800060]                __DATA_REGION_ORIGIN__ = DEFINED (__DATA_REGION_ORIGIN__)?__DATA_REGION_ORIGIN__:0x800060
                [0x00008000]                __TEXT_REGION_LENGTH__ = DEFINED (__TEXT_REGION_LENGTH__)?__TEXT_REGION_LENGTH__:0x20000
                [0x00000800]                __DATA_REGION_LENGTH__ = DEFINED (__DATA_REGION_LENGTH__)?__DATA_REGION_LENGTH__:0xffa0
                [0x00000400]                __EEPROM_REGION_LENGTH__ = DEFINED (__EEPROM_REGION_LENGTH__)?__EEPROM_REGION_LENGTH__:0x10000
                [0x00000002]                __FUSE_REGION_LENGTH__ = DEFINED (__FUSE_REGION_LENGTH__)?__FUSE_REGION_LENGTH__:0x400
                0x00000400                __LOCK_REGION_LENGTH__ = DEFINED (__LOCK_REGION_LENGTH__)?__LOCK_REGION_LENGTH__:0x400
                0x00000400                __SIGNATURE_REGION_LENGTH__ = DEFINED (__SIGNATURE_REGION_LENGTH__)?__SIGNATURE_REGION_LENGTH__:0x400
                0x00000400                __USER_SIGNATURE_REGION_LENGTH__ = DEFINED (__USER_SIGNATURE_REGION_LENGTH__)?__USER_SIGNATURE_REGION_LENGTH__:0x400

.hash
 *(.hash)

.dynsym
 *(.dynsym)

.dynstr
 *(.dynstr)

.gnu.version
 *(.gnu.version)

.gnu.version_d
 *(.gnu.version_d)

.gnu.version_r
 *(.gnu.version_r)

.rel.init
 *(.rel.init)

.rela.init
 *(.rela.init)

.rel.text
 *(.rel.text)
 *(.rel.text.*)
 *(.rel.gnu.linkonce.t*)

.rela.text
 *(.rela.text)
 *(.rela.text.*)
 *(.rela.gnu.linkonce.t*)

.rel.fini
 *(.rel.fini)

.rela.fini
 *(.rela.fini)

.rel.rodata
 *(.rel.rodata)
 *(.rel.rodata.*)
 *(.rel.gnu.linkonce.r*)

.rela.rodata
 *(.rela.rodata)
 *(.rela.rodata.*)
 *(.rela.gnu.linkonce.r*)

.rel.data
 *(.rel.data)
 *(.rel.data.*)
 *(.rel.gnu.linkonce.d*)

.rela.data
 *(.rela.data)
 *(.rela.data.*)
 *(.rela.gnu.linkonce.d*)

.rel.ctors
 *(.rel.ctors)

.rela.ctors
 *(.rela.ctors)

.rel.dtors
 *(.rel.dtors)

.rela.dtors
 *(.rela.dtors)

.rel.got
 *(.rel.got)

.rela.got
 *(.rela.got)

.rel.bss
 *(.rel.bss)

.rela.bss
 *(.rela.bss)

.rel.plt
 *(.rel.plt)

.rela.plt
 *(.rela.plt)

.text           0x00000000       0xa8
 *(.vectors)
 .vectors       0x00000000       0x54 C:/Program Files (x86)/Microchip/MPLABX/v5.30/packs/Microchip/ATmega_DFP/2.0.12/gcc/dev/atmega32a/avr5/memx-const/crtatmega32a.o
                0x00000000                __vector_default
                0x00000000                __vectors
 *(.vectors)
 *(.progmem.gcc*)
 *(.dinit)
 .dinit         0x00000054        0x0 data_init
                0x00000054                . = ALIGN (0x2)
                0x00000054                __trampolines_start = .
 *(.trampolines)
 .trampolines   0x00000054        0x0 linker stubs
 *(.trampolines*)
                0x00000054                __trampolines_end = .
 *libprintf_flt.a:*(.progmem.data)
 *libc.a:*(.progmem.data)
                0x00000054                . = ALIGN (0x2)
 *(.jumptables)
 *(.jumptables*)
 *(.lowtext)
 *(.lowtext*)
                0x00000054                __ctors_start = .
 *(.ctors)
                0x00000054                __ctors_end = .
                0x00000054                __dtors_start = .
 *(.dtors)
                0x00000054                __dtors_end = .
 SORT(*)(.ctors)
 SORT(*)(.dtors)
 *(.init0)
 .init0         0x00000054        0x0 C:/Program Files (x86)/Microchip/MPLABX/v5.30/packs/Microchip/ATmega_DFP/2.0.12/gcc/dev/atmega32a/avr5/memx-const/crtatmega32a.o
                0x00000054                __init
 *(.init0)
 *(.init1)
 *(.init1)
 *(.init2)
 .init2         0x00000054        0xc C:/Program Files (x86)/Microchip/MPLABX/v5.30/packs/Microchip/ATmega_DFP/2.0.12/gcc/dev/atmega32a/avr5/memx-const/crtatmega32a.o
 *(.init2)
 *(.init3)
 *(.init3)
 *(.init4)
 .init4         0x00000060       0x3c c:/program files (x86)/microchip/xc8/v2.10/avr/bin/../lib/gcc/avr/5.4.0/avr5/memx-const\libgcc.a(_copy_data.o)
                0x00000060                __do_copy_data
                0x0000008e                __do_clear_bss
 *(.init4)
 *(.init5)
 *(.init5)
 *(.init6)
 *(.init6)
 *(.init7)
 *(.init7)
 *(.init8)
 *(.init8)
 *(.init9)
 .init9         0x0000009c        0x8 C:/Program Files (x86)/Microchip/MPLABX/v5.30/packs/Microchip/ATmega_DFP/2.0.12/gcc/dev/atmega32a/avr5/memx-const/crtatmega32a.o
 *(.init9)
                0x000000a4                . = ALIGN (0x2)
 *(.fini9)
 .fini9         0x000000a4        0x0 c:/program files (x86)/microchip/xc8/v2.10/avr/bin/../lib/gcc/avr/5.4.0/avr5/memx-const\libgcc.a(_exit.o)
                0x000000a4                _exit
                0x000000a4                exit
 *(.fini9)
 *(.fini8)
 *(.fini8)
 *(.fini7)
 *(.fini7)
 *(.fini6)
 *(.fini6)
 *(.fini5)
 *(.fini5)
 *(.fini4)
 *(.fini4)
 *(.fini3)
 *(.fini3)
 *(.fini2)
 *(.fini2)
 *(.fini1)
 *(.fini1)
 *(.fini0)
 .fini0         0x000000a4        0x4 c:/program files (x86)/microchip/xc8/v2.10/avr/bin/../lib/gcc/avr/5.4.0/avr5/memx-const\libgcc.a(_exit.o)
 *(.fini0)
                0x000000a8                _etext = .

.data           0x00800060        0x0 load address 0x000000a8
                [!provide]                PROVIDE (__data_start, .)
 *(.gnu.linkonce.d*)
 *(.gnu.linkonce.r*)
                0x00800060                . = ALIGN (0x2)
                0x00800060                _edata = .
                [!provide]                PROVIDE (__data_end, .)

.bss            0x00800060        0x0
                [!provide]                PROVIDE (__bss_start, .)
 *(COMMON)
                [!provide]                PROVIDE (__bss_end, .)
                0x000000a8                __data_load_start = LOADADDR (.data)
                0x000000a8                __data_load_end = (__data_load_start + SIZEOF (.data))

.noinit         0x00800060        0x0
                [!provide]                PROVIDE (__noinit_start, .)
 *(.noinit*)
                [!provide]                PROVIDE (__noinit_end, .)
                0x00800060                _end = .

.eeprom         0x00810000        0x0
 *(.eeprom*)
                0x00810000                __eeprom_end = .

.fuse
 *(.fuse)
 *(.lfuse)
 *(.hfuse)
 *(.efuse)

.lock
 *(.lock*)

.signature
 *(.signature*)

.user_signatures
 *(.user_signatures*)

.stab
 *(.stab)

.stabstr
 *(.stabstr)

.stab.excl
 *(.stab.excl)

.stab.exclstr
 *(.stab.exclstr)

.stab.index
 *(.stab.index)

.stab.indexstr
 *(.stab.indexstr)

.comment        0x00000000       0x2f
 *(.comment)
 .comment       0x00000000       0x2f build/default/production/DIO.o
                                 0x30 (size before relaxing)
 .comment       0x0000002f       0x30 build/default/production/MAINN.o

.note.gnu.build-id
 *(.note.gnu.build-id)

.debug
 *(.debug)

.line
 *(.line)

.debug_srcinfo
 *(.debug_srcinfo)

.debug_sfnames
 *(.debug_sfnames)

.debug_aranges  0x00000000      0x140
 *(.debug_aranges)
 .debug_aranges
                0x00000000       0xf0 build/default/production/DIO.o
 .debug_aranges
                0x000000f0       0x50 build/default/production/MAINN.o

.debug_pubnames
 *(.debug_pubnames)

.debug_info     0x00000000     0x1272
 *(.debug_info .gnu.linkonce.wi.*)
 .debug_info    0x00000000      0x4e6 C:/Program Files (x86)/Microchip/MPLABX/v5.30/packs/Microchip/ATmega_DFP/2.0.12/gcc/dev/atmega32a/avr5/memx-const/crtatmega32a.o
 .debug_info    0x000004e6      0x766 build/default/production/DIO.o
 .debug_info    0x00000c4c      0x626 build/default/production/MAINN.o

.debug_abbrev   0x00000000      0x6ad
 *(.debug_abbrev)
 .debug_abbrev  0x00000000      0x4a3 C:/Program Files (x86)/Microchip/MPLABX/v5.30/packs/Microchip/ATmega_DFP/2.0.12/gcc/dev/atmega32a/avr5/memx-const/crtatmega32a.o
 .debug_abbrev  0x000004a3       0xb8 build/default/production/DIO.o
 .debug_abbrev  0x0000055b      0x152 build/default/production/MAINN.o

.debug_line     0x00000000      0x736
 *(.debug_line .debug_line.* .debug_line_end)
 .debug_line    0x00000000      0x118 C:/Program Files (x86)/Microchip/MPLABX/v5.30/packs/Microchip/ATmega_DFP/2.0.12/gcc/dev/atmega32a/avr5/memx-const/crtatmega32a.o
 .debug_line    0x00000118      0x3cd build/default/production/DIO.o
 .debug_line    0x000004e5      0x251 build/default/production/MAINN.o

.debug_frame    0x00000000      0x320
 *(.debug_frame)
 .debug_frame   0x00000000      0x1c4 build/default/production/DIO.o
 .debug_frame   0x000001c4      0x15c build/default/production/MAINN.o

.debug_str      0x00000000      0x1be
 *(.debug_str)
 .debug_str     0x00000000      0x196 C:/Program Files (x86)/Microchip/MPLABX/v5.30/packs/Microchip/ATmega_DFP/2.0.12/gcc/dev/atmega32a/avr5/memx-const/crtatmega32a.o
 .debug_str     0x00000196        0x7 build/default/production/DIO.o
 .debug_str     0x0000019d       0x21 build/default/production/MAINN.o

.debug_loc      0x00000000      0x652
 *(.debug_loc)
 .debug_loc     0x00000000      0x568 build/default/production/DIO.o
 .debug_loc     0x00000568       0xea build/default/production/MAINN.o

.debug_macinfo
 *(.debug_macinfo)

.debug_weaknames
 *(.debug_weaknames)

.debug_funcnames
 *(.debug_funcnames)

.debug_typenames
 *(.debug_typenames)

.debug_varnames
 *(.debug_varnames)

.debug_pubtypes
 *(.debug_pubtypes)

.debug_ranges   0x00000000      0x120
 *(.debug_ranges)
 .debug_ranges  0x00000000       0xe0 build/default/production/DIO.o
 .debug_ranges  0x000000e0       0x40 build/default/production/MAINN.o

.debug_macro
 *(.debug_macro)
OUTPUT(dist/default/production/HAW.X.production.elf elf32-avr)
LOAD linker stubs
LOAD data_init

.note.gnu.avr.deviceinfo
                0x00000000       0x3c
 .note.gnu.avr.deviceinfo
                0x00000000       0x3c C:/Program Files (x86)/Microchip/MPLABX/v5.30/packs/Microchip/ATmega_DFP/2.0.12/gcc/dev/atmega32a/avr5/memx-const/crtatmega32a.o

.text.main      0x000000a8       0x9c
 .text.main     0x000000a8       0x9c build/default/production/MAINN.o
                0x000000a8                main

.text.__vector_1
                0x00000144       0x4c
 .text.__vector_1
                0x00000144       0x4c build/default/production/MAINN.o
                0x00000144                __vector_1

.text.__vector_2
                0x00000190       0x4c
 .text.__vector_2
                0x00000190       0x4c build/default/production/MAINN.o
                0x00000190                __vector_2

.text.__vector_3
                0x000001dc       0x4c
 .text.__vector_3
                0x000001dc       0x4c build/default/production/MAINN.o
                0x000001dc                __vector_3

.text.PINAas    0x00000228       0x42
 .text.PINAas   0x00000228       0x42 build/default/production/DIO.o
                0x00000228                PINAas

.text.PINBas    0x0000026a       0x42
 .text.PINBas   0x0000026a       0x42 build/default/production/DIO.o
                0x0000026a                PINBas

.text.PINCas    0x000002ac       0x42
 .text.PINCas   0x000002ac       0x42 build/default/production/DIO.o
                0x000002ac                PINCas

.text.INT0_INIT
                0x000002ee       0x3c
 .text.INT0_INIT
                0x000002ee       0x3c build/default/production/MAINN.o
                0x000002ee                INT0_INIT

.text.INT1_INIT
                0x0000032a       0x3c
 .text.INT1_INIT
                0x0000032a       0x3c build/default/production/MAINN.o
                0x0000032a                INT1_INIT

.text.INT2_INIT
                0x00000366       0x20
 .text.INT2_INIT
                0x00000366       0x20 build/default/production/MAINN.o
                0x00000366                INT2_INIT

.text.isPressedB
                0x00000386       0x18
 .text.isPressedB
                0x00000386       0x18 build/default/production/DIO.o
                0x00000386                isPressedB

.text.togglePINC
                0x0000039e       0x16
 .text.togglePINC
                0x0000039e       0x16 build/default/production/DIO.o
                0x0000039e                togglePINC

.text.togglePINB
                0x000003b4       0x16
 .text.togglePINB
                0x000003b4       0x16 build/default/production/DIO.o
                0x000003b4                togglePINB

.text           0x000003ca        0x4
 .text          0x000003ca        0x4 C:/Program Files (x86)/Microchip/MPLABX/v5.30/packs/Microchip/ATmega_DFP/2.0.12/gcc/dev/atmega32a/avr5/memx-const/crtatmega32a.o
                0x000003ca                __vector_12
                0x000003ca                __bad_interrupt
                0x000003ca                __vector_6
                0x000003ca                __vector_11
                0x000003ca                __vector_13
                0x000003ca                __vector_17
                0x000003ca                __vector_19
                0x000003ca                __vector_7
                0x000003ca                __vector_5
                0x000003ca                __vector_4
                0x000003ca                __vector_9
                0x000003ca                __vector_15
                0x000003ca                __vector_8
                0x000003ca                __vector_14
                0x000003ca                __vector_10
                0x000003ca                __vector_16
                0x000003ca                __vector_18
                0x000003ca                __vector_20
